// Jest Snapshot v1, https://goo.gl/fbAQLP

exports[`Card renders a div with elevation prop 1`] = `
<div>
  <Card
    elevation="low"
  >
    <code>
      [1]
    </code>
    Test
  </Card>
  <Card
    elevation="middle"
  >
    <code>
      [2]
    </code>
    The
  </Card>
  <Card
    elevation="high"
  >
    <code>
      [3]
    </code>
    Cards
  </Card>
</div>
`;
